// Jest Snapshot v1, https://goo.gl/fbAQLP

exports[`cli prints help with -h 1`] = `
"
  Usage: cli [options] <fileOrGlob>

  Generate hashes from inline scripts and styles in HTML file to be used in Content-Security-Policy header.

  Options:

    -V, --version            output the version number
    -a, --algorithm <value>  hash algorithm (sha256, sha384, sha512) (default: sha256)
    -d, --directive <value>  directive (default-src, script-src, style-src) (default: default-src)
    -h, --help               output usage information

  Examples:

    $ csp-hash index.html
    $ csp-hash build/**/*.html
    $ csp-hash -a sha512 index.html
    $ csp-hash -d script-src index.html

"
`;
